true
true
true
true
PNG
3x2
RGB
[128,128,128,255]
true
true
true
true
true
JPEG
3x2
RGB
[128,128,128,255]
true
true
true
true
true
GIF
3x2
RGBA
[128,128,128,255]
true
true
true
true
true
BMP
3x2
RGB
[128,128,128,255]
true
true
true
true
true
TIFF
3x2
RGB
[128,128,128,255]
true
true
true
true
true
WEBP
3x2
RGB
[128,128,128,255]
true
true
true
true
false
