0
0
0
true
0
true
4
ping
4
pong
0
0
0
0
0
0
0
0
8
datagram
0
0
0
0
".lynxer_scratch_net.sock"
0
5
local
0
0
0
0
[127.0.0.1]
kind: networkingOpen() kind must be tcp, udp, or unix
handle: networkingBind() received an unknown or closed socket handle
opt-handle: networkingOption() received an unknown or closed socket handle
shutdown: networkingShutdown() received an unknown or closed socket handle
opt: networkingOption() supports reuseAddr, keepAlive, and broadcast
how: networkingShutdown(handle, how) expects read, write, or both
bind-args: networkingBind(handle, address, port?) expects an address and optional non-negative port
recv: networkingReceive(handle, maxBytes) expects a non-negative byte count
0
reclose: networkingClose() received an unknown or closed socket handle
udp-send: networkingSend() failed: [89] Destination address required
0
0
0
refused: networkingConnect() failed: [111] Connection refused
0
