https
example.com:8443
example.com
/v1/x
/


https
example.com
8443
/v1/x
q=1
top
hello+world
a+b%26c%3Dd
80
true
127.0.0.1
true
ERROR: resolve failed
ftp
localhost:8080
/


/
hello+world%21%40%23%24%25
%E6%97%A5%E6%9C%AC%E8%AA%9E


/
query=value
frag
2001:db8::1
8080
/path
true
false
https://example.com/c
https://example.com/a/?x=1

http://example.com/a/c
https
example.com
8443
443
u
p

https://example.com/a
https://other.test/a
https://example.com:8443/a
https://example.com/a
https://example.com/b/c
2

https://example.com/?b=2&a=9
https://example.com/?a=1&b=2
https://example.com/?b=2
https://example.com/
a%20b%2Fc%3Fd%3De%26f
%E6%97%A5%E6%9C%AC%E8%AA%9E
a b/c
日本語


q=a"b
ok
ok
ok
ok
ok
true
18123
hello-crow
hello-crow
200
200
ping
{"k": 1}
404
404
ERROR: HTTP 404
ERROR: HTTP 404 Not Found
ERROR: HTTP 404 Not Found
ERROR: HTTP 404 Not Found
ERROR: HTTP 404 Not Found
ERROR: HTTP 404 Not Found
ok
true
ok
one
Lynxer-ws
false
ERROR: no connection named 'nope'
ERROR: no connection named 'nope'
ERROR: no connection named 'nope'
ok
false
true
ok
ok
true
ok
ok
true
ok
true
true
true
true
true
ok
false
false
