{"attributes":{"x":"1"},"children":[{"attributes":{},"children":[],"name":"b","text":""}],"name":"a","text":"hi"}
true
false
a&lt;b&amp;c&gt;d
a<b&c>d

<a x="1">hi<b/></a>

<root a="x&amp;y"><item>one</item></root>
{"attributes":{"a":"x&y"},"children":[{"attributes":{},"children":[],"name":"item","text":"one"}],"name":"root","text":""}
