THlueGVy
THlueA==
Lynxer
Lynx
Lynx
Lynx
true
false

THlueGVy
Lynxer
true
false
false
4c796e786572
4C796E786572
Lynxer
Lynxer

true
false
JR4W46DFOI======
Lynxer
Lynxer
true
false
f5koytty
Lynxer
true
false

<~9R1N#AT@~>
Lynxer
Lynx
true
true
false
a%20b%2Fc%3Fd%3De%26f
-_.!~*'()
a b/c?d=e&f
true
false
false

a=3Db
a=b
true
false

true
true
