y.txt
y
.txt
[.tar, .gz]
[.txt]
[]
/x
/
true
/
true
true
false
[/, a, b, c]
[a, b]
a/b
a/b/c
a/c
true
true
false
c
true
/a/c.md
/a/b.md
/a/b
c.md
noext.txt
true
true
file:///tmp/a%20b
true
false
true
true
false
[.lynxer_scratch_path/a.txt, .lynxer_scratch_path/b.log, .lynxer_scratch_path/sub]
[.lynxer_scratch_path/a.txt]
[.lynxer_scratch_path/sub/c.txt]
[.lynxer_scratch_path/a.txt, .lynxer_scratch_path/sub/c.txt]
alpha
true
true
BETA!
5
true
true
false
true
true
true
true
true
.lynxer_scratch_path/moved.txt
true
true
-1
-1
true
true
false
