ok
ok
ok
[{"id": 1, "name": "Ada", "score": 36.5}, {"id": 2, "name": "Bob", "score": 41.0}]
[{"name": "Bob"}]
2

["users"]
true
false
3
ok
["t2", "users"]
ERROR: no such table: missing_table
ok
[{"name": "Cy"}, {"name": "Dee"}]
ok
[{"name": "Eve"}]
5
Ada
6
ok
["t2", "t3", "users"]
true
false
1
0
false
false
-1
